11:53:00 **** Incremental Build of configuration Debug for project que3_UART_STRING.c ****
make -j12 all 
arm-none-eabi-gcc "../Core/Src/main.c" -mcpu=cortex-m4 -std=gnu11 -g3 -DDEBUG -DUSE_HAL_DRIVER -DSTM32F407xx -c -I../Core/Inc -I../Drivers/STM32F4xx_HAL_Driver/Inc -I../Drivers/STM32F4xx_HAL_Driver/Inc/Legacy -I../Drivers/CMSIS/Device/ST/STM32F4xx/Include -I../Drivers/CMSIS/Include -O0 -ffunction-sections -fdata-sections -Wall -fstack-usage -fcyclomatic-complexity -MMD -MP -MF"Core/Src/main.d" -MT"Core/Src/main.o" --specs=nano.specs -mfpu=fpv4-sp-d16 -mfloat-abi=soft -mthumb -o "Core/Src/main.o"
arm-none-eabi-gcc -o "que3_UART_STRING.c.elf" @"objects.list"   -mcpu=cortex-m4 -T"C:\ST\assignment8\que3_UART_STRING.c\STM32F407VGTX_FLASH.ld" --specs=nosys.specs -Wl,-Map="que3_UART_STRING.c.map" -Wl,--gc-sections -static --specs=nano.specs -mfpu=fpv4-sp-d16 -mfloat-abi=soft -mthumb -Wl,--start-group -lc -lm -Wl,--end-group
Finished building target: que3_UART_STRING.c.elf
 
arm-none-eabi-size  que3_UART_STRING.c.elf 
arm-none-eabi-objdump -h -S que3_UART_STRING.c.elf  > "que3_UART_STRING.c.list"
   text	   data	    bss	    dec	    hex	filename
  14440	     92	   2084	  16616	   40e8	que3_UART_STRING.c.elf
Finished building: default.size.stdout
 
Finished building: que3_UART_STRING.c.list
 
