10:06:19 **** Incremental Build of configuration Debug for project que1.c ****
make -j12 all 
arm-none-eabi-gcc "../Core/Src/main.c" -mcpu=cortex-m4 -std=gnu11 -g3 -DDEBUG -DUSE_HAL_DRIVER -DSTM32F407xx -c -I../Core/Inc -I../Drivers/STM32F4xx_HAL_Driver/Inc -I../Drivers/STM32F4xx_HAL_Driver/Inc/Legacy -I../Drivers/CMSIS/Device/ST/STM32F4xx/Include -I../Drivers/CMSIS/Include -O0 -ffunction-sections -fdata-sections -Wall -fstack-usage -fcyclomatic-complexity -MMD -MP -MF"Core/Src/main.d" -MT"Core/Src/main.o" --specs=nano.specs -mfpu=fpv4-sp-d16 -mfloat-abi=soft -mthumb -o "Core/Src/main.o"
arm-none-eabi-gcc -o "que1.c.elf" @"objects.list"   -mcpu=cortex-m4 -T"C:\ST\assignment7\que1.c\STM32F407VGTX_FLASH.ld" --specs=nosys.specs -Wl,-Map="que1.c.map" -Wl,--gc-sections -static --specs=nano.specs -mfpu=fpv4-sp-d16 -mfloat-abi=soft -mthumb -Wl,--start-group -lc -lm -Wl,--end-group
Finished building target: que1.c.elf
 
arm-none-eabi-size  que1.c.elf 
arm-none-eabi-objdump -h -S que1.c.elf  > "que1.c.list"
   text	   data	    bss	    dec	    hex	filename
   5892	     12	   1572	   7476	   1d34	que1.c.elf
Finished building: default.size.stdout
 
Finished building: que1.c.list
 
10:07:08 **** Incremental Build of configuration Debug for project que1.c ****
make -j12 all 
arm-none-eabi-size  que1.c.elf 
   text	   data	    bss	    dec	    hex	filename
   5892	     12	   1572	   7476	   1d34	que1.c.elf
Finished building: default.size.stdout
 
10:07:09 **** Incremental Build of configuration Debug for project que3.c ****
make -j12 all 
arm-none-eabi-size  que3.c.elf 
   text	   data	    bss	    dec	    hex	filename
   6184	     12	   1572	   7768	   1e58	que3.c.elf
Finished building: default.size.stdout
 
10:07:09 **** Incremental Build of configuration Debug for project que_2.c ****
make -j12 all 
arm-none-eabi-size  que_2.c.elf 
   text	   data	    bss	    dec	    hex	filename
   6100	     12	   1572	   7684	   1e04	que_2.c.elf
Finished building: default.size.stdout
 
10:07:35 **** Incremental Build of configuration Debug for project que1.c ****
make -j12 all 
arm-none-eabi-size  que1.c.elf 
   text	   data	    bss	    dec	    hex	filename
   5892	     12	   1572	   7476	   1d34	que1.c.elf
Finished building: default.size.stdout
 
10:33:57 **** Incremental Build of configuration Debug for project que1.c ****
make -j12 all 
arm-none-eabi-size  que1.c.elf 
   text	   data	    bss	    dec	    hex	filename
   5892	     12	   1572	   7476	   1d34	que1.c.elf
Finished building: default.size.stdout
 
10:33:58 **** Incremental Build of configuration Debug for project que3.c ****
make -j12 all 
arm-none-eabi-size  que3.c.elf 
   text	   data	    bss	    dec	    hex	filename
   6184	     12	   1572	   7768	   1e58	que3.c.elf
Finished building: default.size.stdout
 
10:33:59 **** Incremental Build of configuration Debug for project que_2.c ****
make -j12 all 
arm-none-eabi-size  que_2.c.elf 
   text	   data	    bss	    dec	    hex	filename
   6100	     12	   1572	   7684	   1e04	que_2.c.elf
Finished building: default.size.stdout
 
10:34:26 **** Incremental Build of configuration Debug for project que3.c ****
make -j12 all 
arm-none-eabi-size  que3.c.elf 
   text	   data	    bss	    dec	    hex	filename
   6184	     12	   1572	   7768	   1e58	que3.c.elf
Finished building: default.size.stdout
 
