09:21:40 **** Incremental Build of configuration Debug for project 3lefttoright.c ****
make -j12 all 
arm-none-eabi-gcc "../Src/main.c" -mcpu=cortex-m4 -std=gnu11 -g3 -DDEBUG -DSTM32 -DSTM32F407G_DISC1 -DSTM32F4 -DSTM32F407VGTx -c -I../Inc -O0 -ffunction-sections -fdata-sections -Wall -fstack-usage -fcyclomatic-complexity -MMD -MP -MF"Src/main.d" -MT"Src/main.o" --specs=nano.specs -mfpu=fpv4-sp-d16 -mfloat-abi=hard -mthumb -o "Src/main.o"
../Src/main.c:27:4: warning: #warning "FPU is not initialized, but the project is compiling for an FPU. Please initialize the FPU before use." [-Wcpp]
   27 |   #warning "FPU is not initialized, but the project is compiling for an FPU. Please initialize the FPU before use."
      |    ^~~~~~~
../Src/main.c:45:6: warning: return type of 'main' is not 'int' [-Wmain]
   45 | void main(void)
      |      ^~~~
arm-none-eabi-gcc -o "3lefttoright.c.elf" @"objects.list"   -mcpu=cortex-m4 -T"C:\ST\stm assignment1\3lefttoright.c\STM32F407VGTX_FLASH.ld" --specs=nosys.specs -Wl,-Map="3lefttoright.c.map" -Wl,--gc-sections -static --specs=nano.specs -mfpu=fpv4-sp-d16 -mfloat-abi=hard -mthumb -Wl,--start-group -lc -lm -Wl,--end-group
Finished building target: 3lefttoright.c.elf
 
arm-none-eabi-size  3lefttoright.c.elf 
arm-none-eabi-objdump -h -S 3lefttoright.c.elf  > "3lefttoright.c.list"
   text	   data	    bss	    dec	    hex	filename
   1028	      0	   1568	   2596	    a24	3lefttoright.c.elf
Finished building: default.size.stdout
 
Finished building: 3lefttoright.c.list
 

09:21:40 Build Finished. 0 errors, 2 warnings. (took 553ms)

