10:09:32 **** Incremental Build of configuration Debug for project r_l.c ****
make -j12 all 
arm-none-eabi-size  r_l.c.elf 
   text	   data	    bss	    dec	    hex	filename
   1076	      4	   1564	   2644	    a54	r_l.c.elf
Finished building: default.size.stdout
 
10:10:23 **** Incremental Build of configuration Debug for project r_l.c ****
make -j12 all 
arm-none-eabi-size  r_l.c.elf 
   text	   data	    bss	    dec	    hex	filename
   1076	      4	   1564	   2644	    a54	r_l.c.elf
Finished building: default.size.stdout
 
10:11:14 **** Incremental Build of configuration Debug for project alternateled.c ****
make -j12 all 
arm-none-eabi-size  alternateled.c.elf 
   text	   data	    bss	    dec	    hex	filename
   1096	      4	   1564	   2664	    a68	alternateled.c.elf
Finished building: default.size.stdout
 
10:11:14 **** Incremental Build of configuration Debug for project l_to_r.c ****
make -j12 all 
arm-none-eabi-size  l_to_r.c.elf 
   text	   data	    bss	    dec	    hex	filename
   1076	      4	   1564	   2644	    a54	l_to_r.c.elf
Finished building: default.size.stdout
 
10:11:14 **** Incremental Build of configuration Debug for project r_l.c ****
make -j12 all 
arm-none-eabi-gcc "../Src/main.c" -mcpu=cortex-m4 -std=gnu11 -g3 -DDEBUG -DSTM32 -DSTM32F407G_DISC1 -DSTM32F4 -DSTM32F407VGTx -c -I../Inc -O0 -ffunction-sections -fdata-sections -Wall -fstack-usage -fcyclomatic-complexity -MMD -MP -MF"Src/main.d" -MT"Src/main.o" --specs=nano.specs -mfpu=fpv4-sp-d16 -mfloat-abi=hard -mthumb -o "Src/main.o"
arm-none-eabi-gcc -o "r_l.c.elf" @"objects.list"   -mcpu=cortex-m4 -T"C:\ST\stm assignment1\r_l.c\STM32F407VGTX_FLASH.ld" --specs=nosys.specs -Wl,-Map="r_l.c.map" -Wl,--gc-sections -static --specs=nano.specs -mfpu=fpv4-sp-d16 -mfloat-abi=hard -mthumb -Wl,--start-group -lc -lm -Wl,--end-group
Finished building target: r_l.c.elf
 
arm-none-eabi-size  r_l.c.elf 
arm-none-eabi-objdump -h -S r_l.c.elf  > "r_l.c.list"
   text	   data	    bss	    dec	    hex	filename
   1076	      4	   1564	   2644	    a54	r_l.c.elf
Finished building: default.size.stdout
 
Finished building: r_l.c.list
 
10:11:15 **** Incremental Build of configuration Debug for project single led.c ****
make -j12 all 
arm-none-eabi-size  single\ led.c.elf 
   text	   data	    bss	    dec	    hex	filename
   1072	      4	   1564	   2640	    a50	single led.c.elf
Finished building: default.size.stdout
 
10:11:26 **** Incremental Build of configuration Debug for project r_l.c ****
make -j12 all 
arm-none-eabi-size  r_l.c.elf 
   text	   data	    bss	    dec	    hex	filename
   1076	      4	   1564	   2644	    a54	r_l.c.elf
Finished building: default.size.stdout
 
10:11:48 **** Incremental Build of configuration Debug for project alternateled.c ****
make -j12 all 
arm-none-eabi-size  alternateled.c.elf 
   text	   data	    bss	    dec	    hex	filename
   1096	      4	   1564	   2664	    a68	alternateled.c.elf
Finished building: default.size.stdout
 
10:11:48 **** Incremental Build of configuration Debug for project l_to_r.c ****
make -j12 all 
arm-none-eabi-size  l_to_r.c.elf 
   text	   data	    bss	    dec	    hex	filename
   1076	      4	   1564	   2644	    a54	l_to_r.c.elf
Finished building: default.size.stdout
 
10:11:48 **** Incremental Build of configuration Debug for project r_l.c ****
make -j12 all 
arm-none-eabi-gcc "../Src/main.c" -mcpu=cortex-m4 -std=gnu11 -g3 -DDEBUG -DSTM32 -DSTM32F407G_DISC1 -DSTM32F4 -DSTM32F407VGTx -c -I../Inc -O0 -ffunction-sections -fdata-sections -Wall -fstack-usage -fcyclomatic-complexity -MMD -MP -MF"Src/main.d" -MT"Src/main.o" --specs=nano.specs -mfpu=fpv4-sp-d16 -mfloat-abi=hard -mthumb -o "Src/main.o"
arm-none-eabi-gcc -o "r_l.c.elf" @"objects.list"   -mcpu=cortex-m4 -T"C:\ST\stm assignment1\r_l.c\STM32F407VGTX_FLASH.ld" --specs=nosys.specs -Wl,-Map="r_l.c.map" -Wl,--gc-sections -static --specs=nano.specs -mfpu=fpv4-sp-d16 -mfloat-abi=hard -mthumb -Wl,--start-group -lc -lm -Wl,--end-group
Finished building target: r_l.c.elf
 
arm-none-eabi-size  r_l.c.elf 
arm-none-eabi-objdump -h -S r_l.c.elf  > "r_l.c.list"
   text	   data	    bss	    dec	    hex	filename
   1076	      4	   1564	   2644	    a54	r_l.c.elf
Finished building: default.size.stdout
 
Finished building: r_l.c.list
 
10:11:49 **** Incremental Build of configuration Debug for project single led.c ****
make -j12 all 
arm-none-eabi-size  single\ led.c.elf 
   text	   data	    bss	    dec	    hex	filename
   1072	      4	   1564	   2640	    a50	single led.c.elf
Finished building: default.size.stdout
 
10:11:57 **** Incremental Build of configuration Debug for project r_l.c ****
make -j12 all 
arm-none-eabi-size  r_l.c.elf 
   text	   data	    bss	    dec	    hex	filename
   1076	      4	   1564	   2644	    a54	r_l.c.elf
Finished building: default.size.stdout
 
10:23:40 **** Clean-only build of configuration Debug for project que1_single led.c ****
make -j12 clean 
rm -rf ./Startup/startup_stm32f407vgtx.d ./Startup/startup_stm32f407vgtx.o
rm -rf ./Src/itm.cyclo ./Src/itm.d ./Src/itm.o ./Src/itm.su ./Src/main.cyclo ./Src/main.d ./Src/main.o ./Src/main.su ./Src/syscalls.cyclo ./Src/syscalls.d ./Src/syscalls.o ./Src/syscalls.su ./Src/sysmem.cyclo ./Src/sysmem.d ./Src/sysmem.o ./Src/sysmem.su ./Src/system_stm32f4xx.cyclo ./Src/system_stm32f4xx.d ./Src/system_stm32f4xx.o ./Src/system_stm32f4xx.su
rm -rf default.size.stdout single\ led.c.elf single\ led.c.list single\ led.c.map single\\ led.c.elf
 
10:23:40 **** Build of configuration Debug for project que1_single led.c ****
make -j12 all 
arm-none-eabi-gcc -mcpu=cortex-m4 -g3 -DDEBUG -c -x assembler-with-cpp -MMD -MP -MF"Startup/startup_stm32f407vgtx.d" -MT"Startup/startup_stm32f407vgtx.o" --specs=nano.specs -mfpu=fpv4-sp-d16 -mfloat-abi=hard -mthumb -o "Startup/startup_stm32f407vgtx.o" "../Startup/startup_stm32f407vgtx.s"
arm-none-eabi-gcc "../Src/itm.c" -mcpu=cortex-m4 -std=gnu11 -g3 -DDEBUG -DSTM32 -DSTM32F407G_DISC1 -DSTM32F4 -DSTM32F407VGTx -c -I../Inc -O0 -ffunction-sections -fdata-sections -Wall -fstack-usage -fcyclomatic-complexity -MMD -MP -MF"Src/itm.d" -MT"Src/itm.o" --specs=nano.specs -mfpu=fpv4-sp-d16 -mfloat-abi=hard -mthumb -o "Src/itm.o"
arm-none-eabi-gcc "../Src/main.c" -mcpu=cortex-m4 -std=gnu11 -g3 -DDEBUG -DSTM32 -DSTM32F407G_DISC1 -DSTM32F4 -DSTM32F407VGTx -c -I../Inc -O0 -ffunction-sections -fdata-sections -Wall -fstack-usage -fcyclomatic-complexity -MMD -MP -MF"Src/main.d" -MT"Src/main.o" --specs=nano.specs -mfpu=fpv4-sp-d16 -mfloat-abi=hard -mthumb -o "Src/main.o"
arm-none-eabi-gcc "../Src/syscalls.c" -mcpu=cortex-m4 -std=gnu11 -g3 -DDEBUG -DSTM32 -DSTM32F407G_DISC1 -DSTM32F4 -DSTM32F407VGTx -c -I../Inc -O0 -ffunction-sections -fdata-sections -Wall -fstack-usage -fcyclomatic-complexity -MMD -MP -MF"Src/syscalls.d" -MT"Src/syscalls.o" --specs=nano.specs -mfpu=fpv4-sp-d16 -mfloat-abi=hard -mthumb -o "Src/syscalls.o"
arm-none-eabi-gcc "../Src/sysmem.c" -mcpu=cortex-m4 -std=gnu11 -g3 -DDEBUG -DSTM32 -DSTM32F407G_DISC1 -DSTM32F4 -DSTM32F407VGTx -c -I../Inc -O0 -ffunction-sections -fdata-sections -Wall -fstack-usage -fcyclomatic-complexity -MMD -MP -MF"Src/sysmem.d" -MT"Src/sysmem.o" --specs=nano.specs -mfpu=fpv4-sp-d16 -mfloat-abi=hard -mthumb -o "Src/sysmem.o"
arm-none-eabi-gcc "../Src/system_stm32f4xx.c" -mcpu=cortex-m4 -std=gnu11 -g3 -DDEBUG -DSTM32 -DSTM32F407G_DISC1 -DSTM32F4 -DSTM32F407VGTx -c -I../Inc -O0 -ffunction-sections -fdata-sections -Wall -fstack-usage -fcyclomatic-complexity -MMD -MP -MF"Src/system_stm32f4xx.d" -MT"Src/system_stm32f4xx.o" --specs=nano.specs -mfpu=fpv4-sp-d16 -mfloat-abi=hard -mthumb -o "Src/system_stm32f4xx.o"
../Src/main.c:27:4: warning: #warning "FPU is not initialized, but the project is compiling for an FPU. Please initialize the FPU before use." [-Wcpp]
   27 |   #warning "FPU is not initialized, but the project is compiling for an FPU. Please initialize the FPU before use."
      |    ^~~~~~~
arm-none-eabi-gcc -o "que1_single led.c.elf" @"objects.list"   -mcpu=cortex-m4 -T"C:\ST\stm assignment1\single led.c\STM32F407VGTX_FLASH.ld" --specs=nosys.specs -Wl,-Map="que1_single led.c.map" -Wl,--gc-sections -static --specs=nano.specs -mfpu=fpv4-sp-d16 -mfloat-abi=hard -mthumb -Wl,--start-group -lc -lm -Wl,--end-group
Finished building target: que1_single led.c.elf
 
arm-none-eabi-size  que1_single\ led.c.elf 
arm-none-eabi-objdump -h -S que1_single\ led.c.elf  > "que1_single led.c.list"
   text	   data	    bss	    dec	    hex	filename
   1072	      4	   1564	   2640	    a50	que1_single led.c.elf
Finished building: default.size.stdout
 
Finished building: que1_single led.c.list
 
10:23:41 **** Clean-only build of configuration Debug for project que2_alternateled.c ****
make -j12 clean 
rm -rf ./Startup/startup_stm32f407vgtx.d ./Startup/startup_stm32f407vgtx.o
rm -rf ./Src/itm.cyclo ./Src/itm.d ./Src/itm.o ./Src/itm.su ./Src/main.cyclo ./Src/main.d ./Src/main.o ./Src/main.su ./Src/syscalls.cyclo ./Src/syscalls.d ./Src/syscalls.o ./Src/syscalls.su ./Src/sysmem.cyclo ./Src/sysmem.d ./Src/sysmem.o ./Src/sysmem.su ./Src/system_stm32f4xx.cyclo ./Src/system_stm32f4xx.d ./Src/system_stm32f4xx.o ./Src/system_stm32f4xx.su
rm -rf alternateled.c.elf alternateled.c.list alternateled.c.map default.size.stdout
 
10:23:41 **** Build of configuration Debug for project que2_alternateled.c ****
make -j12 all 
arm-none-eabi-gcc -mcpu=cortex-m4 -g3 -DDEBUG -c -x assembler-with-cpp -MMD -MP -MF"Startup/startup_stm32f407vgtx.d" -MT"Startup/startup_stm32f407vgtx.o" --specs=nano.specs -mfpu=fpv4-sp-d16 -mfloat-abi=hard -mthumb -o "Startup/startup_stm32f407vgtx.o" "../Startup/startup_stm32f407vgtx.s"
arm-none-eabi-gcc "../Src/itm.c" -mcpu=cortex-m4 -std=gnu11 -g3 -DDEBUG -DSTM32 -DSTM32F407G_DISC1 -DSTM32F4 -DSTM32F407VGTx -c -I../Inc -O0 -ffunction-sections -fdata-sections -Wall -fstack-usage -fcyclomatic-complexity -MMD -MP -MF"Src/itm.d" -MT"Src/itm.o" --specs=nano.specs -mfpu=fpv4-sp-d16 -mfloat-abi=hard -mthumb -o "Src/itm.o"
arm-none-eabi-gcc "../Src/main.c" -mcpu=cortex-m4 -std=gnu11 -g3 -DDEBUG -DSTM32 -DSTM32F407G_DISC1 -DSTM32F4 -DSTM32F407VGTx -c -I../Inc -O0 -ffunction-sections -fdata-sections -Wall -fstack-usage -fcyclomatic-complexity -MMD -MP -MF"Src/main.d" -MT"Src/main.o" --specs=nano.specs -mfpu=fpv4-sp-d16 -mfloat-abi=hard -mthumb -o "Src/main.o"
arm-none-eabi-gcc "../Src/syscalls.c" -mcpu=cortex-m4 -std=gnu11 -g3 -DDEBUG -DSTM32 -DSTM32F407G_DISC1 -DSTM32F4 -DSTM32F407VGTx -c -I../Inc -O0 -ffunction-sections -fdata-sections -Wall -fstack-usage -fcyclomatic-complexity -MMD -MP -MF"Src/syscalls.d" -MT"Src/syscalls.o" --specs=nano.specs -mfpu=fpv4-sp-d16 -mfloat-abi=hard -mthumb -o "Src/syscalls.o"
arm-none-eabi-gcc "../Src/sysmem.c" -mcpu=cortex-m4 -std=gnu11 -g3 -DDEBUG -DSTM32 -DSTM32F407G_DISC1 -DSTM32F4 -DSTM32F407VGTx -c -I../Inc -O0 -ffunction-sections -fdata-sections -Wall -fstack-usage -fcyclomatic-complexity -MMD -MP -MF"Src/sysmem.d" -MT"Src/sysmem.o" --specs=nano.specs -mfpu=fpv4-sp-d16 -mfloat-abi=hard -mthumb -o "Src/sysmem.o"
arm-none-eabi-gcc "../Src/system_stm32f4xx.c" -mcpu=cortex-m4 -std=gnu11 -g3 -DDEBUG -DSTM32 -DSTM32F407G_DISC1 -DSTM32F4 -DSTM32F407VGTx -c -I../Inc -O0 -ffunction-sections -fdata-sections -Wall -fstack-usage -fcyclomatic-complexity -MMD -MP -MF"Src/system_stm32f4xx.d" -MT"Src/system_stm32f4xx.o" --specs=nano.specs -mfpu=fpv4-sp-d16 -mfloat-abi=hard -mthumb -o "Src/system_stm32f4xx.o"
../Src/main.c:27:4: warning: #warning "FPU is not initialized, but the project is compiling for an FPU. Please initialize the FPU before use." [-Wcpp]
   27 |   #warning "FPU is not initialized, but the project is compiling for an FPU. Please initialize the FPU before use."
      |    ^~~~~~~
arm-none-eabi-gcc -o "que2_alternateled.c.elf" @"objects.list"   -mcpu=cortex-m4 -T"C:\ST\stm assignment1\alternateled.c\STM32F407VGTX_FLASH.ld" --specs=nosys.specs -Wl,-Map="que2_alternateled.c.map" -Wl,--gc-sections -static --specs=nano.specs -mfpu=fpv4-sp-d16 -mfloat-abi=hard -mthumb -Wl,--start-group -lc -lm -Wl,--end-group
Finished building target: que2_alternateled.c.elf
 
arm-none-eabi-size  que2_alternateled.c.elf 
arm-none-eabi-objdump -h -S que2_alternateled.c.elf  > "que2_alternateled.c.list"
   text	   data	    bss	    dec	    hex	filename
   1096	      4	   1564	   2664	    a68	que2_alternateled.c.elf
Finished building: default.size.stdout
 
Finished building: que2_alternateled.c.list
 
10:23:42 **** Clean-only build of configuration Debug for project que3_l_to_r.c ****
make -j12 clean 
rm -rf ./Startup/startup_stm32f407vgtx.d ./Startup/startup_stm32f407vgtx.o
rm -rf ./Src/main.cyclo ./Src/main.d ./Src/main.o ./Src/main.su ./Src/syscalls.cyclo ./Src/syscalls.d ./Src/syscalls.o ./Src/syscalls.su ./Src/sysmem.cyclo ./Src/sysmem.d ./Src/sysmem.o ./Src/sysmem.su ./Src/system_stm32f4xx.cyclo ./Src/system_stm32f4xx.d ./Src/system_stm32f4xx.o ./Src/system_stm32f4xx.su
rm -rf default.size.stdout l_to_r.c.elf l_to_r.c.list l_to_r.c.map
 
10:23:42 **** Build of configuration Debug for project que3_l_to_r.c ****
make -j12 all 
arm-none-eabi-gcc -mcpu=cortex-m4 -g3 -DDEBUG -c -x assembler-with-cpp -MMD -MP -MF"Startup/startup_stm32f407vgtx.d" -MT"Startup/startup_stm32f407vgtx.o" --specs=nano.specs -mfpu=fpv4-sp-d16 -mfloat-abi=hard -mthumb -o "Startup/startup_stm32f407vgtx.o" "../Startup/startup_stm32f407vgtx.s"
arm-none-eabi-gcc "../Src/main.c" -mcpu=cortex-m4 -std=gnu11 -g3 -DDEBUG -DSTM32 -DSTM32F407G_DISC1 -DSTM32F4 -DSTM32F407VGTx -c -I../Inc -O0 -ffunction-sections -fdata-sections -Wall -fstack-usage -fcyclomatic-complexity -MMD -MP -MF"Src/main.d" -MT"Src/main.o" --specs=nano.specs -mfpu=fpv4-sp-d16 -mfloat-abi=hard -mthumb -o "Src/main.o"
arm-none-eabi-gcc "../Src/syscalls.c" -mcpu=cortex-m4 -std=gnu11 -g3 -DDEBUG -DSTM32 -DSTM32F407G_DISC1 -DSTM32F4 -DSTM32F407VGTx -c -I../Inc -O0 -ffunction-sections -fdata-sections -Wall -fstack-usage -fcyclomatic-complexity -MMD -MP -MF"Src/syscalls.d" -MT"Src/syscalls.o" --specs=nano.specs -mfpu=fpv4-sp-d16 -mfloat-abi=hard -mthumb -o "Src/syscalls.o"
arm-none-eabi-gcc "../Src/sysmem.c" -mcpu=cortex-m4 -std=gnu11 -g3 -DDEBUG -DSTM32 -DSTM32F407G_DISC1 -DSTM32F4 -DSTM32F407VGTx -c -I../Inc -O0 -ffunction-sections -fdata-sections -Wall -fstack-usage -fcyclomatic-complexity -MMD -MP -MF"Src/sysmem.d" -MT"Src/sysmem.o" --specs=nano.specs -mfpu=fpv4-sp-d16 -mfloat-abi=hard -mthumb -o "Src/sysmem.o"
arm-none-eabi-gcc "../Src/system_stm32f4xx.c" -mcpu=cortex-m4 -std=gnu11 -g3 -DDEBUG -DSTM32 -DSTM32F407G_DISC1 -DSTM32F4 -DSTM32F407VGTx -c -I../Inc -O0 -ffunction-sections -fdata-sections -Wall -fstack-usage -fcyclomatic-complexity -MMD -MP -MF"Src/system_stm32f4xx.d" -MT"Src/system_stm32f4xx.o" --specs=nano.specs -mfpu=fpv4-sp-d16 -mfloat-abi=hard -mthumb -o "Src/system_stm32f4xx.o"
arm-none-eabi-gcc -o "que3_l_to_r.c.elf" @"objects.list"   -mcpu=cortex-m4 -T"C:\ST\stm assignment1\ltof.c\STM32F407VGTX_FLASH.ld" --specs=nosys.specs -Wl,-Map="que3_l_to_r.c.map" -Wl,--gc-sections -static --specs=nano.specs -mfpu=fpv4-sp-d16 -mfloat-abi=hard -mthumb -Wl,--start-group -lc -lm -Wl,--end-group
Finished building target: que3_l_to_r.c.elf
 
arm-none-eabi-size  que3_l_to_r.c.elf 
arm-none-eabi-objdump -h -S que3_l_to_r.c.elf  > "que3_l_to_r.c.list"
   text	   data	    bss	    dec	    hex	filename
   1076	      4	   1564	   2644	    a54	que3_l_to_r.c.elf
Finished building: default.size.stdout
 
Finished building: que3_l_to_r.c.list
 
10:23:43 **** Clean-only build of configuration Debug for project que4_r_l.c ****
make -j12 clean 
rm -rf ./Startup/startup_stm32f407vgtx.d ./Startup/startup_stm32f407vgtx.o
rm -rf ./Src/itm.cyclo ./Src/itm.d ./Src/itm.o ./Src/itm.su ./Src/main.cyclo ./Src/main.d ./Src/main.o ./Src/main.su ./Src/syscalls.cyclo ./Src/syscalls.d ./Src/syscalls.o ./Src/syscalls.su ./Src/sysmem.cyclo ./Src/sysmem.d ./Src/sysmem.o ./Src/sysmem.su ./Src/system_stm32f4xx.cyclo ./Src/system_stm32f4xx.d ./Src/system_stm32f4xx.o ./Src/system_stm32f4xx.su
rm -rf default.size.stdout r_l.c.elf r_l.c.list r_l.c.map
 
10:23:43 **** Build of configuration Debug for project que4_r_l.c ****
make -j12 all 
arm-none-eabi-gcc -mcpu=cortex-m4 -g3 -DDEBUG -c -x assembler-with-cpp -MMD -MP -MF"Startup/startup_stm32f407vgtx.d" -MT"Startup/startup_stm32f407vgtx.o" --specs=nano.specs -mfpu=fpv4-sp-d16 -mfloat-abi=hard -mthumb -o "Startup/startup_stm32f407vgtx.o" "../Startup/startup_stm32f407vgtx.s"
arm-none-eabi-gcc "../Src/itm.c" -mcpu=cortex-m4 -std=gnu11 -g3 -DDEBUG -DSTM32 -DSTM32F407G_DISC1 -DSTM32F4 -DSTM32F407VGTx -c -I../Inc -O0 -ffunction-sections -fdata-sections -Wall -fstack-usage -fcyclomatic-complexity -MMD -MP -MF"Src/itm.d" -MT"Src/itm.o" --specs=nano.specs -mfpu=fpv4-sp-d16 -mfloat-abi=hard -mthumb -o "Src/itm.o"
arm-none-eabi-gcc "../Src/main.c" -mcpu=cortex-m4 -std=gnu11 -g3 -DDEBUG -DSTM32 -DSTM32F407G_DISC1 -DSTM32F4 -DSTM32F407VGTx -c -I../Inc -O0 -ffunction-sections -fdata-sections -Wall -fstack-usage -fcyclomatic-complexity -MMD -MP -MF"Src/main.d" -MT"Src/main.o" --specs=nano.specs -mfpu=fpv4-sp-d16 -mfloat-abi=hard -mthumb -o "Src/main.o"
arm-none-eabi-gcc "../Src/syscalls.c" -mcpu=cortex-m4 -std=gnu11 -g3 -DDEBUG -DSTM32 -DSTM32F407G_DISC1 -DSTM32F4 -DSTM32F407VGTx -c -I../Inc -O0 -ffunction-sections -fdata-sections -Wall -fstack-usage -fcyclomatic-complexity -MMD -MP -MF"Src/syscalls.d" -MT"Src/syscalls.o" --specs=nano.specs -mfpu=fpv4-sp-d16 -mfloat-abi=hard -mthumb -o "Src/syscalls.o"
arm-none-eabi-gcc "../Src/sysmem.c" -mcpu=cortex-m4 -std=gnu11 -g3 -DDEBUG -DSTM32 -DSTM32F407G_DISC1 -DSTM32F4 -DSTM32F407VGTx -c -I../Inc -O0 -ffunction-sections -fdata-sections -Wall -fstack-usage -fcyclomatic-complexity -MMD -MP -MF"Src/sysmem.d" -MT"Src/sysmem.o" --specs=nano.specs -mfpu=fpv4-sp-d16 -mfloat-abi=hard -mthumb -o "Src/sysmem.o"
arm-none-eabi-gcc "../Src/system_stm32f4xx.c" -mcpu=cortex-m4 -std=gnu11 -g3 -DDEBUG -DSTM32 -DSTM32F407G_DISC1 -DSTM32F4 -DSTM32F407VGTx -c -I../Inc -O0 -ffunction-sections -fdata-sections -Wall -fstack-usage -fcyclomatic-complexity -MMD -MP -MF"Src/system_stm32f4xx.d" -MT"Src/system_stm32f4xx.o" --specs=nano.specs -mfpu=fpv4-sp-d16 -mfloat-abi=hard -mthumb -o "Src/system_stm32f4xx.o"
arm-none-eabi-gcc -o "que4_r_l.c.elf" @"objects.list"   -mcpu=cortex-m4 -T"C:\ST\stm assignment1\r_l.c\STM32F407VGTX_FLASH.ld" --specs=nosys.specs -Wl,-Map="que4_r_l.c.map" -Wl,--gc-sections -static --specs=nano.specs -mfpu=fpv4-sp-d16 -mfloat-abi=hard -mthumb -Wl,--start-group -lc -lm -Wl,--end-group
Finished building target: que4_r_l.c.elf
 
arm-none-eabi-size  que4_r_l.c.elf 
arm-none-eabi-objdump -h -S que4_r_l.c.elf  > "que4_r_l.c.list"
   text	   data	    bss	    dec	    hex	filename
   1076	      4	   1564	   2644	    a54	que4_r_l.c.elf
Finished building: default.size.stdout
 
Finished building: que4_r_l.c.list
 
10:23:43 **** Build of configuration Debug for project que5_all_led_blink.c ****
make -j12 all 
arm-none-eabi-gcc -mcpu=cortex-m4 -g3 -DDEBUG -c -x assembler-with-cpp -MMD -MP -MF"Startup/startup_stm32f407vgtx.d" -MT"Startup/startup_stm32f407vgtx.o" --specs=nano.specs -mfpu=fpv4-sp-d16 -mfloat-abi=hard -mthumb -o "Startup/startup_stm32f407vgtx.o" "../Startup/startup_stm32f407vgtx.s"
arm-none-eabi-gcc "../Src/itm.c" -mcpu=cortex-m4 -std=gnu11 -g3 -DDEBUG -DSTM32 -DSTM32F407G_DISC1 -DSTM32F4 -DSTM32F407VGTx -c -I../Inc -O0 -ffunction-sections -fdata-sections -Wall -fstack-usage -fcyclomatic-complexity -MMD -MP -MF"Src/itm.d" -MT"Src/itm.o" --specs=nano.specs -mfpu=fpv4-sp-d16 -mfloat-abi=hard -mthumb -o "Src/itm.o"
arm-none-eabi-gcc "../Src/main.c" -mcpu=cortex-m4 -std=gnu11 -g3 -DDEBUG -DSTM32 -DSTM32F407G_DISC1 -DSTM32F4 -DSTM32F407VGTx -c -I../Inc -O0 -ffunction-sections -fdata-sections -Wall -fstack-usage -fcyclomatic-complexity -MMD -MP -MF"Src/main.d" -MT"Src/main.o" --specs=nano.specs -mfpu=fpv4-sp-d16 -mfloat-abi=hard -mthumb -o "Src/main.o"
arm-none-eabi-gcc "../Src/syscalls.c" -mcpu=cortex-m4 -std=gnu11 -g3 -DDEBUG -DSTM32 -DSTM32F407G_DISC1 -DSTM32F4 -DSTM32F407VGTx -c -I../Inc -O0 -ffunction-sections -fdata-sections -Wall -fstack-usage -fcyclomatic-complexity -MMD -MP -MF"Src/syscalls.d" -MT"Src/syscalls.o" --specs=nano.specs -mfpu=fpv4-sp-d16 -mfloat-abi=hard -mthumb -o "Src/syscalls.o"
arm-none-eabi-gcc "../Src/sysmem.c" -mcpu=cortex-m4 -std=gnu11 -g3 -DDEBUG -DSTM32 -DSTM32F407G_DISC1 -DSTM32F4 -DSTM32F407VGTx -c -I../Inc -O0 -ffunction-sections -fdata-sections -Wall -fstack-usage -fcyclomatic-complexity -MMD -MP -MF"Src/sysmem.d" -MT"Src/sysmem.o" --specs=nano.specs -mfpu=fpv4-sp-d16 -mfloat-abi=hard -mthumb -o "Src/sysmem.o"
arm-none-eabi-gcc "../Src/system_stm32f4xx.c" -mcpu=cortex-m4 -std=gnu11 -g3 -DDEBUG -DSTM32 -DSTM32F407G_DISC1 -DSTM32F4 -DSTM32F407VGTx -c -I../Inc -O0 -ffunction-sections -fdata-sections -Wall -fstack-usage -fcyclomatic-complexity -MMD -MP -MF"Src/system_stm32f4xx.d" -MT"Src/system_stm32f4xx.o" --specs=nano.specs -mfpu=fpv4-sp-d16 -mfloat-abi=hard -mthumb -o "Src/system_stm32f4xx.o"
../Src/main.c:27:4: warning: #warning "FPU is not initialized, but the project is compiling for an FPU. Please initialize the FPU before use." [-Wcpp]
   27 |   #warning "FPU is not initialized, but the project is compiling for an FPU. Please initialize the FPU before use."
      |    ^~~~~~~
arm-none-eabi-gcc -o "que5_all_led_blink.c.elf" @"objects.list"   -mcpu=cortex-m4 -T"C:\ST\stm assignment1\all_led.c\STM32F407VGTX_FLASH.ld" --specs=nosys.specs -Wl,-Map="que5_all_led_blink.c.map" -Wl,--gc-sections -static --specs=nano.specs -mfpu=fpv4-sp-d16 -mfloat-abi=hard -mthumb -Wl,--start-group -lc -lm -Wl,--end-group
Finished building target: que5_all_led_blink.c.elf
 
arm-none-eabi-size  que5_all_led_blink.c.elf 
arm-none-eabi-objdump -h -S que5_all_led_blink.c.elf  > "que5_all_led_blink.c.list"
   text	   data	    bss	    dec	    hex	filename
   1072	      4	   1564	   2640	    a50	que5_all_led_blink.c.elf
Finished building: default.size.stdout
 
Finished building: que5_all_led_blink.c.list
 
10:23:55 **** Incremental Build of configuration Debug for project que1_single led.c ****
make -j12 all 
arm-none-eabi-size  que1_single\ led.c.elf 
   text	   data	    bss	    dec	    hex	filename
   1072	      4	   1564	   2640	    a50	que1_single led.c.elf
Finished building: default.size.stdout
 
10:23:56 **** Incremental Build of configuration Debug for project que2_alternateled.c ****
make -j12 all 
arm-none-eabi-size  que2_alternateled.c.elf 
   text	   data	    bss	    dec	    hex	filename
   1096	      4	   1564	   2664	    a68	que2_alternateled.c.elf
Finished building: default.size.stdout
 
10:23:56 **** Incremental Build of configuration Debug for project que3_l_to_r.c ****
make -j12 all 
arm-none-eabi-size  que3_l_to_r.c.elf 
   text	   data	    bss	    dec	    hex	filename
   1076	      4	   1564	   2644	    a54	que3_l_to_r.c.elf
Finished building: default.size.stdout
 
10:23:56 **** Incremental Build of configuration Debug for project que4_r_l.c ****
make -j12 all 
arm-none-eabi-size  que4_r_l.c.elf 
   text	   data	    bss	    dec	    hex	filename
   1076	      4	   1564	   2644	    a54	que4_r_l.c.elf
Finished building: default.size.stdout
 
10:23:56 **** Incremental Build of configuration Debug for project que5_all_led_blink.c ****
make -j12 all 
arm-none-eabi-size  que5_all_led_blink.c.elf 
   text	   data	    bss	    dec	    hex	filename
   1072	      4	   1564	   2640	    a50	que5_all_led_blink.c.elf
Finished building: default.size.stdout
 
10:24:27 **** Incremental Build of configuration Debug for project que5_all_led_blink.c ****
make -j12 all 
arm-none-eabi-size  que5_all_led_blink.c.elf 
   text	   data	    bss	    dec	    hex	filename
   1072	      4	   1564	   2640	    a50	que5_all_led_blink.c.elf
Finished building: default.size.stdout
 
10:29:17 **** Incremental Build of configuration Debug for project que1_single led.c ****
make -j12 all 
arm-none-eabi-size  que1_single\ led.c.elf 
   text	   data	    bss	    dec	    hex	filename
   1072	      4	   1564	   2640	    a50	que1_single led.c.elf
Finished building: default.size.stdout
 
10:29:17 **** Incremental Build of configuration Debug for project que2_alternateled.c ****
make -j12 all 
arm-none-eabi-size  que2_alternateled.c.elf 
   text	   data	    bss	    dec	    hex	filename
   1096	      4	   1564	   2664	    a68	que2_alternateled.c.elf
Finished building: default.size.stdout
 
10:29:17 **** Incremental Build of configuration Debug for project que3_l_to_r.c ****
make -j12 all 
arm-none-eabi-size  que3_l_to_r.c.elf 
   text	   data	    bss	    dec	    hex	filename
   1076	      4	   1564	   2644	    a54	que3_l_to_r.c.elf
Finished building: default.size.stdout
 
10:29:18 **** Incremental Build of configuration Debug for project que4_r_l.c ****
make -j12 all 
arm-none-eabi-size  que4_r_l.c.elf 
   text	   data	    bss	    dec	    hex	filename
   1076	      4	   1564	   2644	    a54	que4_r_l.c.elf
Finished building: default.size.stdout
 
10:29:18 **** Incremental Build of configuration Debug for project que5_all_led_blink.c ****
make -j12 all 
arm-none-eabi-size  que5_all_led_blink.c.elf 
   text	   data	    bss	    dec	    hex	filename
   1072	      4	   1564	   2640	    a50	que5_all_led_blink.c.elf
Finished building: default.size.stdout
 
10:29:18 **** Build of configuration Debug for project que6_toggle.c ****
make -j12 all 
arm-none-eabi-gcc -mcpu=cortex-m4 -g3 -DDEBUG -c -x assembler-with-cpp -MMD -MP -MF"Startup/startup_stm32f407vgtx.d" -MT"Startup/startup_stm32f407vgtx.o" --specs=nano.specs -mfpu=fpv4-sp-d16 -mfloat-abi=hard -mthumb -o "Startup/startup_stm32f407vgtx.o" "../Startup/startup_stm32f407vgtx.s"
arm-none-eabi-gcc "../Src/itm.c" -mcpu=cortex-m4 -std=gnu11 -g3 -DDEBUG -DSTM32 -DSTM32F407G_DISC1 -DSTM32F4 -DSTM32F407VGTx -c -I../Inc -O0 -ffunction-sections -fdata-sections -Wall -fstack-usage -fcyclomatic-complexity -MMD -MP -MF"Src/itm.d" -MT"Src/itm.o" --specs=nano.specs -mfpu=fpv4-sp-d16 -mfloat-abi=hard -mthumb -o "Src/itm.o"
arm-none-eabi-gcc "../Src/main.c" -mcpu=cortex-m4 -std=gnu11 -g3 -DDEBUG -DSTM32 -DSTM32F407G_DISC1 -DSTM32F4 -DSTM32F407VGTx -c -I../Inc -O0 -ffunction-sections -fdata-sections -Wall -fstack-usage -fcyclomatic-complexity -MMD -MP -MF"Src/main.d" -MT"Src/main.o" --specs=nano.specs -mfpu=fpv4-sp-d16 -mfloat-abi=hard -mthumb -o "Src/main.o"
arm-none-eabi-gcc "../Src/syscalls.c" -mcpu=cortex-m4 -std=gnu11 -g3 -DDEBUG -DSTM32 -DSTM32F407G_DISC1 -DSTM32F4 -DSTM32F407VGTx -c -I../Inc -O0 -ffunction-sections -fdata-sections -Wall -fstack-usage -fcyclomatic-complexity -MMD -MP -MF"Src/syscalls.d" -MT"Src/syscalls.o" --specs=nano.specs -mfpu=fpv4-sp-d16 -mfloat-abi=hard -mthumb -o "Src/syscalls.o"
arm-none-eabi-gcc "../Src/sysmem.c" -mcpu=cortex-m4 -std=gnu11 -g3 -DDEBUG -DSTM32 -DSTM32F407G_DISC1 -DSTM32F4 -DSTM32F407VGTx -c -I../Inc -O0 -ffunction-sections -fdata-sections -Wall -fstack-usage -fcyclomatic-complexity -MMD -MP -MF"Src/sysmem.d" -MT"Src/sysmem.o" --specs=nano.specs -mfpu=fpv4-sp-d16 -mfloat-abi=hard -mthumb -o "Src/sysmem.o"
arm-none-eabi-gcc "../Src/system_stm32f4xx.c" -mcpu=cortex-m4 -std=gnu11 -g3 -DDEBUG -DSTM32 -DSTM32F407G_DISC1 -DSTM32F4 -DSTM32F407VGTx -c -I../Inc -O0 -ffunction-sections -fdata-sections -Wall -fstack-usage -fcyclomatic-complexity -MMD -MP -MF"Src/system_stm32f4xx.d" -MT"Src/system_stm32f4xx.o" --specs=nano.specs -mfpu=fpv4-sp-d16 -mfloat-abi=hard -mthumb -o "Src/system_stm32f4xx.o"
../Src/main.c:27:4: warning: #warning "FPU is not initialized, but the project is compiling for an FPU. Please initialize the FPU before use." [-Wcpp]
   27 |   #warning "FPU is not initialized, but the project is compiling for an FPU. Please initialize the FPU before use."
      |    ^~~~~~~
../Src/main.c: In function 'main':
../Src/main.c:33:9: warning: implicit declaration of function 'led_init' [-Wimplicit-function-declaration]
   33 |         led_init();
      |         ^~~~~~~~
../Src/main.c: At top level:
../Src/main.c:42:6: warning: conflicting types for 'led_init'; have 'void(void)'
   42 | void led_init(void)
      |      ^~~~~~~~
../Src/main.c:33:9: note: previous implicit declaration of 'led_init' with type 'void(void)'
   33 |         led_init();
      |         ^~~~~~~~
arm-none-eabi-gcc -o "que6_toggle.c.elf" @"objects.list"   -mcpu=cortex-m4 -T"C:\ST\stm assignment1\que6_toggle.c\STM32F407VGTX_FLASH.ld" --specs=nosys.specs -Wl,-Map="que6_toggle.c.map" -Wl,--gc-sections -static --specs=nano.specs -mfpu=fpv4-sp-d16 -mfloat-abi=hard -mthumb -Wl,--start-group -lc -lm -Wl,--end-group
Finished building target: que6_toggle.c.elf
 
arm-none-eabi-size  que6_toggle.c.elf 
arm-none-eabi-objdump -h -S que6_toggle.c.elf  > "que6_toggle.c.list"
   text	   data	    bss	    dec	    hex	filename
   1028	      4	   1564	   2596	    a24	que6_toggle.c.elf
Finished building: default.size.stdout
 
Finished building: que6_toggle.c.list
 
10:29:24 **** Incremental Build of configuration Debug for project que1_single led.c ****
make -j12 all 
arm-none-eabi-size  que1_single\ led.c.elf 
   text	   data	    bss	    dec	    hex	filename
   1072	      4	   1564	   2640	    a50	que1_single led.c.elf
Finished building: default.size.stdout
 
10:29:24 **** Incremental Build of configuration Debug for project que2_alternateled.c ****
make -j12 all 
arm-none-eabi-size  que2_alternateled.c.elf 
   text	   data	    bss	    dec	    hex	filename
   1096	      4	   1564	   2664	    a68	que2_alternateled.c.elf
Finished building: default.size.stdout
 
10:29:24 **** Incremental Build of configuration Debug for project que3_l_to_r.c ****
make -j12 all 
arm-none-eabi-size  que3_l_to_r.c.elf 
   text	   data	    bss	    dec	    hex	filename
   1076	      4	   1564	   2644	    a54	que3_l_to_r.c.elf
Finished building: default.size.stdout
 
10:29:24 **** Incremental Build of configuration Debug for project que4_r_l.c ****
make -j12 all 
arm-none-eabi-size  que4_r_l.c.elf 
   text	   data	    bss	    dec	    hex	filename
   1076	      4	   1564	   2644	    a54	que4_r_l.c.elf
Finished building: default.size.stdout
 
10:29:24 **** Incremental Build of configuration Debug for project que5_all_led_blink.c ****
make -j12 all 
arm-none-eabi-size  que5_all_led_blink.c.elf 
   text	   data	    bss	    dec	    hex	filename
   1072	      4	   1564	   2640	    a50	que5_all_led_blink.c.elf
Finished building: default.size.stdout
 
10:29:25 **** Incremental Build of configuration Debug for project que6_toggle.c ****
make -j12 all 
arm-none-eabi-size  que6_toggle.c.elf 
   text	   data	    bss	    dec	    hex	filename
   1028	      4	   1564	   2596	    a24	que6_toggle.c.elf
Finished building: default.size.stdout
 
10:30:38 **** Incremental Build of configuration Debug for project que6_toggle.c ****
make -j12 all 
arm-none-eabi-size  que6_toggle.c.elf 
   text	   data	    bss	    dec	    hex	filename
   1028	      4	   1564	   2596	    a24	que6_toggle.c.elf
Finished building: default.size.stdout
 
10:31:25 **** Incremental Build of configuration Debug for project que6_toggle.c ****
make -j12 all 
arm-none-eabi-size  que6_toggle.c.elf 
   text	   data	    bss	    dec	    hex	filename
   1028	      4	   1564	   2596	    a24	que6_toggle.c.elf
Finished building: default.size.stdout
 
10:33:30 **** Incremental Build of configuration Debug for project que1_single led.c ****
make -j12 all 
arm-none-eabi-size  que1_single\ led.c.elf 
   text	   data	    bss	    dec	    hex	filename
   1072	      4	   1564	   2640	    a50	que1_single led.c.elf
Finished building: default.size.stdout
 
10:33:30 **** Incremental Build of configuration Debug for project que2_alternateled.c ****
make -j12 all 
arm-none-eabi-size  que2_alternateled.c.elf 
   text	   data	    bss	    dec	    hex	filename
   1096	      4	   1564	   2664	    a68	que2_alternateled.c.elf
Finished building: default.size.stdout
 
10:33:30 **** Incremental Build of configuration Debug for project que3_l_to_r.c ****
make -j12 all 
arm-none-eabi-size  que3_l_to_r.c.elf 
   text	   data	    bss	    dec	    hex	filename
   1076	      4	   1564	   2644	    a54	que3_l_to_r.c.elf
Finished building: default.size.stdout
 
10:33:30 **** Incremental Build of configuration Debug for project que4_r_l.c ****
make -j12 all 
arm-none-eabi-size  que4_r_l.c.elf 
   text	   data	    bss	    dec	    hex	filename
   1076	      4	   1564	   2644	    a54	que4_r_l.c.elf
Finished building: default.size.stdout
 
10:33:31 **** Incremental Build of configuration Debug for project que5_all_led_blink.c ****
make -j12 all 
arm-none-eabi-size  que5_all_led_blink.c.elf 
   text	   data	    bss	    dec	    hex	filename
   1072	      4	   1564	   2640	    a50	que5_all_led_blink.c.elf
Finished building: default.size.stdout
 
10:33:31 **** Incremental Build of configuration Debug for project que6_toggle.c ****
make -j12 all 
arm-none-eabi-size  que6_toggle.c.elf 
   text	   data	    bss	    dec	    hex	filename
   1028	      4	   1564	   2596	    a24	que6_toggle.c.elf
Finished building: default.size.stdout
 
